Starting HTTP server on @ADDRESS@:8080
GET /jscoverage.html HTTP/1.0
GET / HTTP/1.0
POST /jscoverage-shutdown HTTP/1.0
Stopping HTTP server
