{
  "/store-escaped-characters.js":{
    "coverage":[null,1,0,null,null,1,0,null,null,1,0],
    "source":["function f() {","\treturn \'\\\'\';","}","\v","function g() {","\treturn \"\\\"\";","}","\f","function h() {","\treturn \'\\\\\';","}"]
  }
}
